[2026/01/12 03:12:02 PM] Strategy: yinyang, 1 testing targets, 998001 seeds
[2026/01/12 03:12:02 PM] Processing seeds ../../benchmarks/SMT-benchmarks/core/sat/uf20-0333.smt2 ../../benchmarks/SMT-benchmarks/core/sat/uf20-0139.smt2
[2026/01/12 03:12:02 PM] Attempting to generate 30 mutants
[2026/01/12 03:12:02 PM] Performed 0 solver calls (0.0 calls/s, eff: NaN, 0.0 mutants/s)
[2026/01/12 03:12:04 PM] Performed 18 solver calls (5.5 calls/s, eff: 0.0%, 5.5 mutants/s)
[2026/01/12 03:12:06 PM] Finished generations: 30 successful, 0 unsuccessful
[2026/01/12 03:12:06 PM] Processing seeds ../../benchmarks/SMT-benchmarks/core/sat/uf20-0203.smt2 ../../benchmarks/SMT-benchmarks/core/sat/uf20-0121.smt2
[2026/01/12 03:12:06 PM] Attempting to generate 30 mutants
[2026/01/12 03:12:06 PM] Performed 33 solver calls (6.3 calls/s, eff: 0.0%, 6.3 mutants/s)
[2026/01/12 03:12:08 PM] Performed 42 solver calls (5.7 calls/s, eff: 0.0%, 5.7 mutants/s)
[2026/01/12 03:12:10 PM] Performed 59 solver calls (6.3 calls/s, eff: 0.0%, 6.3 mutants/s)
[2026/01/12 03:12:10 PM] Finished generations: 30 successful, 0 unsuccessful
[2026/01/12 03:12:10 PM] Processing seeds ../../benchmarks/SMT-benchmarks/core/sat/uf20-0471.smt2 ../../benchmarks/SMT-benchmarks/core/sat/uf20-0731.smt2
[2026/01/12 03:12:11 PM] Attempting to generate 30 mutants
[2026/01/12 03:12:13 PM] Performed 72 solver calls (6.3 calls/s, eff: 0.0%, 6.3 mutants/s)
[2026/01/12 03:12:15 PM] Performed 89 solver calls (6.6 calls/s, eff: 0.0%, 6.6 mutants/s)
[2026/01/12 03:12:15 PM] Finished generations: 30 successful, 0 unsuccessful
[2026/01/12 03:12:15 PM] Processing seeds ../../benchmarks/SMT-benchmarks/core/sat/uf20-0460.smt2 ../../benchmarks/SMT-benchmarks/core/sat/uf20-0421.smt2
[2026/01/12 03:12:15 PM] Attempting to generate 30 mutants
[2026/01/12 03:12:17 PM] Performed 99 solver calls (6.4 calls/s, eff: 0.0%, 6.4 mutants/s)
[2026/01/12 03:12:19 PM] Performed 116 solver calls (6.6 calls/s, eff: 0.0%, 6.6 mutants/s)
[2026/01/12 03:12:19 PM] Finished generations: 30 successful, 0 unsuccessful
[2026/01/12 03:12:19 PM] Processing seeds ../../benchmarks/SMT-benchmarks/core/sat/uf20-0271.smt2 ../../benchmarks/SMT-benchmarks/core/sat/uf20-0845.smt2
[2026/01/12 03:12:20 PM] Attempting to generate 30 mutants
[2026/01/12 03:12:21 PM] Performed 127 solver calls (6.5 calls/s, eff: 0.0%, 6.5 mutants/s)
[2026/01/12 03:12:23 PM] Performed 143 solver calls (6.6 calls/s, eff: 0.0%, 6.6 mutants/s)
[2026/01/12 03:12:24 PM] Finished generations: 30 successful, 0 unsuccessful
[2026/01/12 03:12:24 PM] Processing seeds ../../benchmarks/SMT-benchmarks/core/sat/uf20-0179.smt2 ../../benchmarks/SMT-benchmarks/core/sat/uf20-0488.smt2
[2026/01/12 03:12:24 PM] Attempting to generate 30 mutants
[2026/01/12 03:12:25 PM] Performed 156 solver calls (6.6 calls/s, eff: 0.0%, 6.6 mutants/s)
[2026/01/12 03:12:27 PM] Performed 175 solver calls (6.8 calls/s, eff: 0.0%, 6.8 mutants/s)
[2026/01/12 03:12:27 PM] Finished generations: 30 successful, 0 unsuccessful
[2026/01/12 03:12:27 PM] Processing seeds ../../benchmarks/SMT-benchmarks/core/sat/uf20-0593.smt2 ../../benchmarks/SMT-benchmarks/core/sat/uf20-0569.smt2
[2026/01/12 03:12:28 PM] Attempting to generate 30 mutants
[2026/01/12 03:12:29 PM] Performed 188 solver calls (6.7 calls/s, eff: 0.0%, 6.7 mutants/s)
[2026/01/12 03:12:31 PM] Performed 202 solver calls (6.8 calls/s, eff: 0.0%, 6.8 mutants/s)
[2026/01/12 03:12:32 PM] Finished generations: 30 successful, 0 unsuccessful
[2026/01/12 03:12:32 PM] Processing seeds ../../benchmarks/SMT-benchmarks/core/sat/uf20-0971.smt2 ../../benchmarks/SMT-benchmarks/core/sat/uf20-0111.smt2
[2026/01/12 03:12:32 PM] Attempting to generate 30 mutants
[2026/01/12 03:12:33 PM] Performed 215 solver calls (6.7 calls/s, eff: 0.0%, 6.7 mutants/s)
[2026/01/12 03:12:35 PM] Performed 233 solver calls (6.8 calls/s, eff: 0.0%, 6.8 mutants/s)
[2026/01/12 03:12:36 PM] Finished generations: 30 successful, 0 unsuccessful
[2026/01/12 03:12:36 PM] Processing seeds ../../benchmarks/SMT-benchmarks/core/sat/uf20-0828.smt2 ../../benchmarks/SMT-benchmarks/core/sat/uf20-0627.smt2
[2026/01/12 03:12:36 PM] Attempting to generate 30 mutants
[2026/01/12 03:12:37 PM] Performed 247 solver calls (6.8 calls/s, eff: 0.0%, 6.8 mutants/s)
[2026/01/12 03:12:39 PM] Performed 265 solver calls (6.9 calls/s, eff: 0.0%, 6.9 mutants/s)
[2026/01/12 03:12:40 PM] Finished generations: 30 successful, 0 unsuccessful
[2026/01/12 03:12:40 PM] Processing seeds ../../benchmarks/SMT-benchmarks/core/sat/uf20-0205.smt2 ../../benchmarks/SMT-benchmarks/core/sat/uf20-0542.smt2
[2026/01/12 03:12:41 PM] Attempting to generate 30 mutants
[2026/01/12 03:12:41 PM] Performed 272 solver calls (6.7 calls/s, eff: 0.0%, 6.7 mutants/s)
[2026/01/12 03:12:43 PM] Performed 287 solver calls (6.8 calls/s, eff: 0.0%, 6.8 mutants/s)
[2026/01/12 03:12:45 PM] Performed 298 solver calls (6.7 calls/s, eff: 0.0%, 6.7 mutants/s)
[2026/01/12 03:12:46 PM] Finished generations: 30 successful, 0 unsuccessful
[2026/01/12 03:12:46 PM] Processing seeds ../../benchmarks/SMT-benchmarks/core/sat/uf20-0761.smt2 ../../benchmarks/SMT-benchmarks/core/sat/uf20-0384.smt2
[2026/01/12 03:12:46 PM] Attempting to generate 30 mutants
[2026/01/12 03:12:48 PM] Performed 307 solver calls (6.6 calls/s, eff: 0.0%, 6.6 mutants/s)
[2026/01/12 03:12:50 PM] Performed 321 solver calls (6.6 calls/s, eff: 0.0%, 6.6 mutants/s)
[2026/01/12 03:12:51 PM] Finished generations: 30 successful, 0 unsuccessful
[2026/01/12 03:12:51 PM] Processing seeds ../../benchmarks/SMT-benchmarks/core/sat/uf20-073.smt2 ../../benchmarks/SMT-benchmarks/core/sat/uf20-0696.smt2
[2026/01/12 03:12:51 PM] Attempting to generate 30 mutants
[2026/01/12 03:12:52 PM] Performed 335 solver calls (6.6 calls/s, eff: 0.0%, 6.6 mutants/s)
[2026/01/12 03:12:54 PM] Performed 353 solver calls (6.7 calls/s, eff: 0.0%, 6.7 mutants/s)
[2026/01/12 03:12:55 PM] Finished generations: 30 successful, 0 unsuccessful
[2026/01/12 03:12:55 PM] Processing seeds ../../benchmarks/SMT-benchmarks/core/sat/uf20-0776.smt2 ../../benchmarks/SMT-benchmarks/core/sat/uf20-0824.smt2
[2026/01/12 03:12:55 PM] Attempting to generate 30 mutants
[2026/01/12 03:12:56 PM] Performed 370 solver calls (6.7 calls/s, eff: 0.0%, 6.7 mutants/s)
[2026/01/12 03:12:58 PM] Performed 388 solver calls (6.8 calls/s, eff: 0.0%, 6.8 mutants/s)
[2026/01/12 03:12:58 PM] Finished generations: 30 successful, 0 unsuccessful
[2026/01/12 03:12:58 PM] Processing seeds ../../benchmarks/SMT-benchmarks/core/sat/uf20-0903.smt2 ../../benchmarks/SMT-benchmarks/core/sat/uf20-0561.smt2
[2026/01/12 03:12:59 PM] Attempting to generate 30 mutants
[2026/01/12 03:13:00 PM] Performed 402 solver calls (6.8 calls/s, eff: 0.0%, 6.8 mutants/s)
[2026/01/12 03:13:02 PM] Performed 418 solver calls (6.8 calls/s, eff: 0.0%, 6.8 mutants/s)
[2026/01/12 03:13:03 PM] Finished generations: 30 successful, 0 unsuccessful
[2026/01/12 03:13:03 PM] Processing seeds ../../benchmarks/SMT-benchmarks/core/sat/uf20-0185.smt2 ../../benchmarks/SMT-benchmarks/core/sat/uf20-0580.smt2
[2026/01/12 03:13:03 PM] Attempting to generate 30 mutants
[2026/01/12 03:13:04 PM] Performed 430 solver calls (6.8 calls/s, eff: 0.0%, 6.8 mutants/s)
[2026/01/12 03:13:06 PM] Performed 446 solver calls (6.8 calls/s, eff: 0.0%, 6.8 mutants/s)
[2026/01/12 03:13:07 PM] Finished generations: 30 successful, 0 unsuccessful
[2026/01/12 03:13:07 PM] Processing seeds ../../benchmarks/SMT-benchmarks/core/sat/uf20-0614.smt2 ../../benchmarks/SMT-benchmarks/core/sat/uf20-0424.smt2
[2026/01/12 03:13:07 PM] Attempting to generate 30 mutants
[2026/01/12 03:13:08 PM] Performed 458 solver calls (6.8 calls/s, eff: 0.0%, 6.8 mutants/s)
[2026/01/12 03:13:10 PM] Performed 472 solver calls (6.8 calls/s, eff: 0.0%, 6.8 mutants/s)
[2026/01/12 03:13:11 PM] Finished generations: 30 successful, 0 unsuccessful
[2026/01/12 03:13:11 PM] Processing seeds ../../benchmarks/SMT-benchmarks/core/sat/uf20-0819.smt2 ../../benchmarks/SMT-benchmarks/core/sat/uf20-0962.smt2
[2026/01/12 03:13:12 PM] Attempting to generate 30 mutants
[2026/01/12 03:13:13 PM] Performed 484 solver calls (6.8 calls/s, eff: 0.0%, 6.8 mutants/s)
[2026/01/12 03:13:15 PM] Performed 493 solver calls (6.7 calls/s, eff: 0.0%, 6.7 mutants/s)
[2026/01/12 03:13:17 PM] Performed 509 solver calls (6.7 calls/s, eff: 0.0%, 6.7 mutants/s)
[2026/01/12 03:13:17 PM] Finished generations: 30 successful, 0 unsuccessful
[2026/01/12 03:13:17 PM] Processing seeds ../../benchmarks/SMT-benchmarks/core/sat/uf20-0412.smt2 ../../benchmarks/SMT-benchmarks/core/sat/uf20-0995.smt2
[2026/01/12 03:13:17 PM] Attempting to generate 30 mutants
[2026/01/12 03:13:19 PM] Performed 522 solver calls (6.7 calls/s, eff: 0.0%, 6.7 mutants/s)
[2026/01/12 03:13:21 PM] Performed 536 solver calls (6.7 calls/s, eff: 0.0%, 6.7 mutants/s)
[2026/01/12 03:13:21 PM] Finished generations: 30 successful, 0 unsuccessful
[2026/01/12 03:13:21 PM] Processing seeds ../../benchmarks/SMT-benchmarks/core/sat/uf20-0357.smt2 ../../benchmarks/SMT-benchmarks/core/sat/uf20-012.smt2
[2026/01/12 03:13:22 PM] Attempting to generate 30 mutants
[2026/01/12 03:13:23 PM] Performed 550 solver calls (6.7 calls/s, eff: 0.0%, 6.7 mutants/s)
[2026/01/12 03:13:25 PM] Performed 567 solver calls (6.8 calls/s, eff: 0.0%, 6.8 mutants/s)
[2026/01/12 03:13:25 PM] Finished generations: 30 successful, 0 unsuccessful
[2026/01/12 03:13:25 PM] Processing seeds ../../benchmarks/SMT-benchmarks/core/sat/uf20-0102.smt2 ../../benchmarks/SMT-benchmarks/core/sat/uf20-0106.smt2
[2026/01/12 03:13:26 PM] Attempting to generate 30 mutants
[2026/01/12 03:13:27 PM] Performed 581 solver calls (6.8 calls/s, eff: 0.0%, 6.8 mutants/s)
[2026/01/12 03:13:29 PM] Performed 597 solver calls (6.8 calls/s, eff: 0.0%, 6.8 mutants/s)
[2026/01/12 03:13:29 PM] Finished generations: 30 successful, 0 unsuccessful
[2026/01/12 03:13:29 PM] Processing seeds ../../benchmarks/SMT-benchmarks/core/sat/uf20-0797.smt2 ../../benchmarks/SMT-benchmarks/core/sat/uf20-0470.smt2
[2026/01/12 03:13:30 PM] Attempting to generate 30 mutants
[2026/01/12 03:13:31 PM] Performed 613 solver calls (6.8 calls/s, eff: 0.0%, 6.8 mutants/s)
[2026/01/12 03:13:33 PM] Finished generations: 30 successful, 0 unsuccessful
[2026/01/12 03:13:33 PM] Processing seeds ../../benchmarks/SMT-benchmarks/core/sat/uf20-0742.smt2 ../../benchmarks/SMT-benchmarks/core/sat/uf20-0384.smt2
[2026/01/12 03:13:33 PM] Attempting to generate 30 mutants
[2026/01/12 03:13:33 PM] Performed 630 solver calls (6.8 calls/s, eff: 0.0%, 6.8 mutants/s)
[2026/01/12 03:13:35 PM] Performed 649 solver calls (6.9 calls/s, eff: 0.0%, 6.9 mutants/s)
