[2026/01/12 03:13:49 PM] Strategy: yinyang, 1 testing targets, 1000000 seeds
[2026/01/12 03:13:49 PM] Processing seeds ../../benchmarks/SMT-benchmarks/core/unsat/uuf50-0981.smt2 ../../benchmarks/SMT-benchmarks/core/unsat/uuf50-0843.smt2
[2026/01/12 03:13:50 PM] Attempting to generate 30 mutants
[2026/01/12 03:13:50 PM] Performed 0 solver calls (0.0 calls/s, eff: NaN, 0.0 mutants/s)
[2026/01/12 03:13:52 PM] Performed 8 solver calls (1.9 calls/s, eff: 0.0%, 1.9 mutants/s)
[2026/01/12 03:13:54 PM] Performed 16 solver calls (2.4 calls/s, eff: 0.0%, 2.4 mutants/s)
[2026/01/12 03:13:56 PM] Performed 24 solver calls (2.8 calls/s, eff: 0.0%, 2.8 mutants/s)
[2026/01/12 03:13:58 PM] Finished generations: 30 successful, 0 unsuccessful
[2026/01/12 03:13:58 PM] Processing seeds ../../benchmarks/SMT-benchmarks/core/unsat/uuf50-0439.smt2 ../../benchmarks/SMT-benchmarks/core/unsat/uuf50-0857.smt2
[2026/01/12 03:13:59 PM] Attempting to generate 30 mutants
[2026/01/12 03:13:59 PM] Performed 30 solver calls (2.7 calls/s, eff: 0.0%, 2.7 mutants/s)
[2026/01/12 03:14:01 PM] Performed 38 solver calls (2.8 calls/s, eff: 0.0%, 2.8 mutants/s)
[2026/01/12 03:14:03 PM] Performed 46 solver calls (3.0 calls/s, eff: 0.0%, 3.0 mutants/s)
[2026/01/12 03:14:05 PM] Performed 54 solver calls (3.1 calls/s, eff: 0.0%, 3.1 mutants/s)
[2026/01/12 03:14:07 PM] Finished generations: 30 successful, 0 unsuccessful
[2026/01/12 03:14:07 PM] Processing seeds ../../benchmarks/SMT-benchmarks/core/unsat/uuf50-0800.smt2 ../../benchmarks/SMT-benchmarks/core/unsat/uuf50-0284.smt2
[2026/01/12 03:14:08 PM] Attempting to generate 30 mutants
[2026/01/12 03:14:08 PM] Performed 60 solver calls (2.9 calls/s, eff: 0.0%, 2.9 mutants/s)
[2026/01/12 03:14:10 PM] Performed 67 solver calls (3.0 calls/s, eff: 0.0%, 3.0 mutants/s)
[2026/01/12 03:14:12 PM] Performed 75 solver calls (3.1 calls/s, eff: 0.0%, 3.1 mutants/s)
[2026/01/12 03:14:14 PM] Performed 83 solver calls (3.1 calls/s, eff: 0.0%, 3.1 mutants/s)
[2026/01/12 03:14:16 PM] Finished generations: 30 successful, 0 unsuccessful
[2026/01/12 03:14:16 PM] Processing seeds ../../benchmarks/SMT-benchmarks/core/unsat/uuf50-0700.smt2 ../../benchmarks/SMT-benchmarks/core/unsat/uuf50-0931.smt2
[2026/01/12 03:14:17 PM] Attempting to generate 30 mutants
[2026/01/12 03:14:17 PM] Performed 90 solver calls (3.1 calls/s, eff: 0.0%, 3.1 mutants/s)
[2026/01/12 03:14:19 PM] Performed 98 solver calls (3.1 calls/s, eff: 0.0%, 3.1 mutants/s)
[2026/01/12 03:14:21 PM] Performed 101 solver calls (3.0 calls/s, eff: 0.0%, 3.0 mutants/s)
[2026/01/12 03:14:23 PM] Performed 109 solver calls (3.1 calls/s, eff: 0.0%, 3.1 mutants/s)
[2026/01/12 03:14:25 PM] Performed 117 solver calls (3.1 calls/s, eff: 0.0%, 3.1 mutants/s)
[2026/01/12 03:14:26 PM] Finished generations: 30 successful, 0 unsuccessful
[2026/01/12 03:14:26 PM] Processing seeds ../../benchmarks/SMT-benchmarks/core/unsat/uuf50-0955.smt2 ../../benchmarks/SMT-benchmarks/core/unsat/uuf50-022.smt2
[2026/01/12 03:14:27 PM] Attempting to generate 30 mutants
[2026/01/12 03:14:28 PM] Performed 122 solver calls (3.1 calls/s, eff: 0.0%, 3.1 mutants/s)
[2026/01/12 03:14:30 PM] Performed 130 solver calls (3.1 calls/s, eff: 0.0%, 3.1 mutants/s)
[2026/01/12 03:14:32 PM] Performed 137 solver calls (3.1 calls/s, eff: 0.0%, 3.1 mutants/s)
[2026/01/12 03:14:34 PM] Performed 147 solver calls (3.2 calls/s, eff: 0.0%, 3.2 mutants/s)
[2026/01/12 03:14:35 PM] Finished generations: 30 successful, 0 unsuccessful
[2026/01/12 03:14:35 PM] Processing seeds ../../benchmarks/SMT-benchmarks/core/unsat/uuf50-026.smt2 ../../benchmarks/SMT-benchmarks/core/unsat/uuf50-0740.smt2
[2026/01/12 03:14:35 PM] Attempting to generate 30 mutants
[2026/01/12 03:14:36 PM] Performed 153 solver calls (3.2 calls/s, eff: 0.0%, 3.2 mutants/s)
[2026/01/12 03:14:38 PM] Performed 161 solver calls (3.2 calls/s, eff: 0.0%, 3.2 mutants/s)
[2026/01/12 03:14:40 PM] Performed 171 solver calls (3.3 calls/s, eff: 0.0%, 3.3 mutants/s)
[2026/01/12 03:14:42 PM] Performed 179 solver calls (3.3 calls/s, eff: 0.0%, 3.3 mutants/s)
[2026/01/12 03:14:42 PM] Finished generations: 30 successful, 0 unsuccessful
[2026/01/12 03:14:42 PM] Processing seeds ../../benchmarks/SMT-benchmarks/core/unsat/uuf50-0389.smt2 ../../benchmarks/SMT-benchmarks/core/unsat/uuf50-0731.smt2
[2026/01/12 03:14:43 PM] Attempting to generate 30 mutants
[2026/01/12 03:14:44 PM] Performed 185 solver calls (3.3 calls/s, eff: 0.0%, 3.3 mutants/s)
[2026/01/12 03:14:46 PM] Performed 193 solver calls (3.3 calls/s, eff: 0.0%, 3.3 mutants/s)
[2026/01/12 03:14:49 PM] Performed 201 solver calls (3.3 calls/s, eff: 0.0%, 3.3 mutants/s)
[2026/01/12 03:14:51 PM] Finished generations: 30 successful, 0 unsuccessful
[2026/01/12 03:14:51 PM] Processing seeds ../../benchmarks/SMT-benchmarks/core/unsat/uuf50-0347.smt2 ../../benchmarks/SMT-benchmarks/core/unsat/uuf50-0938.smt2
[2026/01/12 03:14:51 PM] Attempting to generate 30 mutants
[2026/01/12 03:14:51 PM] Performed 210 solver calls (3.3 calls/s, eff: 0.0%, 3.3 mutants/s)
[2026/01/12 03:14:54 PM] Performed 215 solver calls (3.3 calls/s, eff: 0.0%, 3.3 mutants/s)
[2026/01/12 03:14:56 PM] Performed 223 solver calls (3.3 calls/s, eff: 0.0%, 3.3 mutants/s)
[2026/01/12 03:14:58 PM] Performed 230 solver calls (3.3 calls/s, eff: 0.0%, 3.3 mutants/s)
[2026/01/12 03:15:00 PM] Performed 238 solver calls (3.3 calls/s, eff: 0.0%, 3.3 mutants/s)
[2026/01/12 03:15:01 PM] Finished generations: 30 successful, 0 unsuccessful
[2026/01/12 03:15:01 PM] Processing seeds ../../benchmarks/SMT-benchmarks/core/unsat/uuf50-0328.smt2 ../../benchmarks/SMT-benchmarks/core/unsat/uuf50-0602.smt2
