[2026/01/13 02:24:15 PM] Strategy: yinyang, 1 testing targets, 25 seeds
[2026/01/13 02:24:15 PM] Processing seeds ../../benchmarks/SMT-benchmarks/core/dummy_unsat/unsat4.smt2 ../../benchmarks/SMT-benchmarks/core/dummy_unsat/unsat5.smt2
[2026/01/13 02:24:15 PM] Attempting to generate 30 mutants
[2026/01/13 02:24:15 PM] Finished generations: 30 successful, 0 unsuccessful
[2026/01/13 02:24:15 PM] Processing seeds ../../benchmarks/SMT-benchmarks/core/dummy_unsat/unsat4.smt2 ../../benchmarks/SMT-benchmarks/core/dummy_unsat/unsat4.smt2
[2026/01/13 02:24:15 PM] Attempting to generate 30 mutants
[2026/01/13 02:24:16 PM] Performed 47 solver calls (46.1 calls/s, eff: 0.0%, 46.1 mutants/s)
[2026/01/13 02:24:16 PM] Finished generations: 30 successful, 0 unsuccessful
[2026/01/13 02:24:16 PM] Processing seeds ../../benchmarks/SMT-benchmarks/core/dummy_unsat/unsat1.smt2 ../../benchmarks/SMT-benchmarks/core/dummy_unsat/unsat4.smt2
[2026/01/13 02:24:16 PM] Attempting to generate 30 mutants
[2026/01/13 02:24:17 PM] Finished generations: 30 successful, 0 unsuccessful
[2026/01/13 02:24:17 PM] Processing seeds ../../benchmarks/SMT-benchmarks/core/dummy_unsat/unsat2.smt2 ../../benchmarks/SMT-benchmarks/core/dummy_unsat/unsat4.smt2
[2026/01/13 02:24:17 PM] Attempting to generate 30 mutants
[2026/01/13 02:24:17 PM] Finished generations: 30 successful, 0 unsuccessful
[2026/01/13 02:24:17 PM] Processing seeds ../../benchmarks/SMT-benchmarks/core/dummy_unsat/unsat3.smt2 ../../benchmarks/SMT-benchmarks/core/dummy_unsat/unsat1.smt2
[2026/01/13 02:24:17 PM] Attempting to generate 30 mutants
[2026/01/13 02:24:18 PM] Performed 146 solver calls (48.3 calls/s, eff: 0.0%, 48.3 mutants/s)
[2026/01/13 02:24:18 PM] Finished generations: 30 successful, 0 unsuccessful
[2026/01/13 02:24:18 PM] Processing seeds ../../benchmarks/SMT-benchmarks/core/dummy_unsat/unsat5.smt2 ../../benchmarks/SMT-benchmarks/core/dummy_unsat/unsat3.smt2
[2026/01/13 02:24:18 PM] Attempting to generate 30 mutants
[2026/01/13 02:24:19 PM] Finished generations: 30 successful, 0 unsuccessful
[2026/01/13 02:24:19 PM] Processing seeds ../../benchmarks/SMT-benchmarks/core/dummy_unsat/unsat4.smt2 ../../benchmarks/SMT-benchmarks/core/dummy_unsat/unsat2.smt2
[2026/01/13 02:24:19 PM] Attempting to generate 30 mutants
[2026/01/13 02:24:19 PM] Finished generations: 30 successful, 0 unsuccessful
[2026/01/13 02:24:19 PM] Processing seeds ../../benchmarks/SMT-benchmarks/core/dummy_unsat/unsat1.smt2 ../../benchmarks/SMT-benchmarks/core/dummy_unsat/unsat3.smt2
[2026/01/13 02:24:19 PM] Attempting to generate 30 mutants
[2026/01/13 02:24:20 PM] Finished generations: 30 successful, 0 unsuccessful
[2026/01/13 02:24:20 PM] Processing seeds ../../benchmarks/SMT-benchmarks/core/dummy_unsat/unsat3.smt2 ../../benchmarks/SMT-benchmarks/core/dummy_unsat/unsat3.smt2
[2026/01/13 02:24:20 PM] Attempting to generate 30 mutants
[2026/01/13 02:24:20 PM] Performed 241 solver calls (48.0 calls/s, eff: 0.0%, 48.0 mutants/s)
[2026/01/13 02:24:20 PM] Finished generations: 30 successful, 0 unsuccessful
[2026/01/13 02:24:20 PM] Processing seeds ../../benchmarks/SMT-benchmarks/core/dummy_unsat/unsat4.smt2 ../../benchmarks/SMT-benchmarks/core/dummy_unsat/unsat3.smt2
[2026/01/13 02:24:20 PM] Attempting to generate 30 mutants
[2026/01/13 02:24:21 PM] Finished generations: 30 successful, 0 unsuccessful
[2026/01/13 02:24:21 PM] Processing seeds ../../benchmarks/SMT-benchmarks/core/dummy_unsat/unsat2.smt2 ../../benchmarks/SMT-benchmarks/core/dummy_unsat/unsat3.smt2
[2026/01/13 02:24:21 PM] Attempting to generate 30 mutants
[2026/01/13 02:24:22 PM] Finished generations: 30 successful, 0 unsuccessful
[2026/01/13 02:24:22 PM] Processing seeds ../../benchmarks/SMT-benchmarks/core/dummy_unsat/unsat5.smt2 ../../benchmarks/SMT-benchmarks/core/dummy_unsat/unsat2.smt2
[2026/01/13 02:24:22 PM] Attempting to generate 30 mutants
[2026/01/13 02:24:22 PM] Performed 341 solver calls (48.4 calls/s, eff: 0.0%, 48.4 mutants/s)
[2026/01/13 02:24:22 PM] Finished generations: 30 successful, 0 unsuccessful
[2026/01/13 02:24:22 PM] Processing seeds ../../benchmarks/SMT-benchmarks/core/dummy_unsat/unsat3.smt2 ../../benchmarks/SMT-benchmarks/core/dummy_unsat/unsat2.smt2
[2026/01/13 02:24:22 PM] Attempting to generate 30 mutants
[2026/01/13 02:24:23 PM] Finished generations: 30 successful, 0 unsuccessful
[2026/01/13 02:24:23 PM] Processing seeds ../../benchmarks/SMT-benchmarks/core/dummy_unsat/unsat3.smt2 ../../benchmarks/SMT-benchmarks/core/dummy_unsat/unsat4.smt2
[2026/01/13 02:24:23 PM] Attempting to generate 30 mutants
[2026/01/13 02:24:24 PM] Finished generations: 30 successful, 0 unsuccessful
[2026/01/13 02:24:24 PM] Processing seeds ../../benchmarks/SMT-benchmarks/core/dummy_unsat/unsat5.smt2 ../../benchmarks/SMT-benchmarks/core/dummy_unsat/unsat1.smt2
[2026/01/13 02:24:24 PM] Attempting to generate 30 mutants
[2026/01/13 02:24:24 PM] Performed 429 solver calls (47.4 calls/s, eff: 0.0%, 47.4 mutants/s)
[2026/01/13 02:24:24 PM] Finished generations: 30 successful, 0 unsuccessful
[2026/01/13 02:24:24 PM] Processing seeds ../../benchmarks/SMT-benchmarks/core/dummy_unsat/unsat1.smt2 ../../benchmarks/SMT-benchmarks/core/dummy_unsat/unsat1.smt2
[2026/01/13 02:24:24 PM] Attempting to generate 30 mutants
[2026/01/13 02:24:25 PM] Finished generations: 30 successful, 0 unsuccessful
[2026/01/13 02:24:25 PM] Processing seeds ../../benchmarks/SMT-benchmarks/core/dummy_unsat/unsat5.smt2 ../../benchmarks/SMT-benchmarks/core/dummy_unsat/unsat4.smt2
[2026/01/13 02:24:25 PM] Attempting to generate 30 mutants
[2026/01/13 02:24:26 PM] Finished generations: 30 successful, 0 unsuccessful
[2026/01/13 02:24:26 PM] Processing seeds ../../benchmarks/SMT-benchmarks/core/dummy_unsat/unsat2.smt2 ../../benchmarks/SMT-benchmarks/core/dummy_unsat/unsat2.smt2
[2026/01/13 02:24:26 PM] Attempting to generate 30 mutants
[2026/01/13 02:24:26 PM] Performed 522 solver calls (47.2 calls/s, eff: 0.0%, 47.2 mutants/s)
[2026/01/13 02:24:26 PM] Finished generations: 30 successful, 0 unsuccessful
[2026/01/13 02:24:26 PM] Processing seeds ../../benchmarks/SMT-benchmarks/core/dummy_unsat/unsat3.smt2 ../../benchmarks/SMT-benchmarks/core/dummy_unsat/unsat5.smt2
[2026/01/13 02:24:26 PM] Attempting to generate 30 mutants
[2026/01/13 02:24:27 PM] Finished generations: 30 successful, 0 unsuccessful
[2026/01/13 02:24:27 PM] Processing seeds ../../benchmarks/SMT-benchmarks/core/dummy_unsat/unsat2.smt2 ../../benchmarks/SMT-benchmarks/core/dummy_unsat/unsat1.smt2
[2026/01/13 02:24:27 PM] Attempting to generate 30 mutants
[2026/01/13 02:24:28 PM] Finished generations: 30 successful, 0 unsuccessful
[2026/01/13 02:24:28 PM] Processing seeds ../../benchmarks/SMT-benchmarks/core/dummy_unsat/unsat5.smt2 ../../benchmarks/SMT-benchmarks/core/dummy_unsat/unsat5.smt2
[2026/01/13 02:24:28 PM] Attempting to generate 30 mutants
[2026/01/13 02:24:28 PM] Performed 617 solver calls (47.3 calls/s, eff: 0.0%, 47.3 mutants/s)
[2026/01/13 02:24:28 PM] Finished generations: 30 successful, 0 unsuccessful
[2026/01/13 02:24:28 PM] Processing seeds ../../benchmarks/SMT-benchmarks/core/dummy_unsat/unsat1.smt2 ../../benchmarks/SMT-benchmarks/core/dummy_unsat/unsat2.smt2
[2026/01/13 02:24:28 PM] Attempting to generate 30 mutants
[2026/01/13 02:24:29 PM] Finished generations: 30 successful, 0 unsuccessful
[2026/01/13 02:24:29 PM] Processing seeds ../../benchmarks/SMT-benchmarks/core/dummy_unsat/unsat2.smt2 ../../benchmarks/SMT-benchmarks/core/dummy_unsat/unsat5.smt2
[2026/01/13 02:24:29 PM] Attempting to generate 30 mutants
[2026/01/13 02:24:31 PM] Performed 663 solver calls (41.8 calls/s, eff: 0.0%, 41.8 mutants/s)
[2026/01/13 02:24:31 PM] Finished generations: 30 successful, 0 unsuccessful
[2026/01/13 02:24:31 PM] Processing seeds ../../benchmarks/SMT-benchmarks/core/dummy_unsat/unsat1.smt2 ../../benchmarks/SMT-benchmarks/core/dummy_unsat/unsat5.smt2
[2026/01/13 02:24:31 PM] Attempting to generate 30 mutants
[2026/01/13 02:24:32 PM] Finished generations: 30 successful, 0 unsuccessful
[2026/01/13 02:24:32 PM] Processing seeds ../../benchmarks/SMT-benchmarks/core/dummy_unsat/unsat4.smt2 ../../benchmarks/SMT-benchmarks/core/dummy_unsat/unsat1.smt2
[2026/01/13 02:24:32 PM] Attempting to generate 30 mutants
[2026/01/13 02:24:33 PM] Finished generations: 30 successful, 0 unsuccessful
