[2026/01/13 02:24:56 PM] Strategy: yinyang, 1 testing targets, 25 seeds
[2026/01/13 02:24:56 PM] Processing seeds ../../benchmarks/SMT-benchmarks/core/dummy_unsat/unsat1.smt2 ../../benchmarks/SMT-benchmarks/core/dummy_unsat/unsat3.smt2
[2026/01/13 02:24:56 PM] Attempting to generate 30 mutants
[2026/01/13 02:24:57 PM] Finished generations: 30 successful, 0 unsuccessful
[2026/01/13 02:24:57 PM] Processing seeds ../../benchmarks/SMT-benchmarks/core/dummy_unsat/unsat4.smt2 ../../benchmarks/SMT-benchmarks/core/dummy_unsat/unsat2.smt2
[2026/01/13 02:24:57 PM] Attempting to generate 30 mutants
[2026/01/13 02:24:57 PM] Performed 44 solver calls (43.6 calls/s, eff: 0.0%, 43.6 mutants/s)
[2026/01/13 02:24:57 PM] Finished generations: 30 successful, 0 unsuccessful
[2026/01/13 02:24:57 PM] Processing seeds ../../benchmarks/SMT-benchmarks/core/dummy_unsat/unsat2.smt2 ../../benchmarks/SMT-benchmarks/core/dummy_unsat/unsat2.smt2
[2026/01/13 02:24:57 PM] Attempting to generate 30 mutants
[2026/01/13 02:24:58 PM] Finished generations: 30 successful, 0 unsuccessful
[2026/01/13 02:24:58 PM] Processing seeds ../../benchmarks/SMT-benchmarks/core/dummy_unsat/unsat5.smt2 ../../benchmarks/SMT-benchmarks/core/dummy_unsat/unsat2.smt2
[2026/01/13 02:24:58 PM] Attempting to generate 30 mutants
[2026/01/13 02:24:59 PM] Finished generations: 30 successful, 0 unsuccessful
[2026/01/13 02:24:59 PM] Processing seeds ../../benchmarks/SMT-benchmarks/core/dummy_unsat/unsat5.smt2 ../../benchmarks/SMT-benchmarks/core/dummy_unsat/unsat5.smt2
[2026/01/13 02:24:59 PM] Attempting to generate 30 mutants
[2026/01/13 02:24:59 PM] Performed 130 solver calls (43.1 calls/s, eff: 0.0%, 43.1 mutants/s)
[2026/01/13 02:25:00 PM] Finished generations: 30 successful, 0 unsuccessful
[2026/01/13 02:25:00 PM] Processing seeds ../../benchmarks/SMT-benchmarks/core/dummy_unsat/unsat4.smt2 ../../benchmarks/SMT-benchmarks/core/dummy_unsat/unsat4.smt2
[2026/01/13 02:25:00 PM] Attempting to generate 30 mutants
[2026/01/13 02:25:00 PM] Finished generations: 30 successful, 0 unsuccessful
[2026/01/13 02:25:00 PM] Processing seeds ../../benchmarks/SMT-benchmarks/core/dummy_unsat/unsat4.smt2 ../../benchmarks/SMT-benchmarks/core/dummy_unsat/unsat1.smt2
[2026/01/13 02:25:00 PM] Attempting to generate 30 mutants
[2026/01/13 02:25:01 PM] Finished generations: 30 successful, 0 unsuccessful
[2026/01/13 02:25:01 PM] Processing seeds ../../benchmarks/SMT-benchmarks/core/dummy_unsat/unsat2.smt2 ../../benchmarks/SMT-benchmarks/core/dummy_unsat/unsat3.smt2
[2026/01/13 02:25:01 PM] Attempting to generate 30 mutants
[2026/01/13 02:25:01 PM] Performed 224 solver calls (44.6 calls/s, eff: 0.0%, 44.6 mutants/s)
[2026/01/13 02:25:01 PM] Finished generations: 30 successful, 0 unsuccessful
[2026/01/13 02:25:01 PM] Processing seeds ../../benchmarks/SMT-benchmarks/core/dummy_unsat/unsat3.smt2 ../../benchmarks/SMT-benchmarks/core/dummy_unsat/unsat4.smt2
