[2026/01/13 04:53:21 PM] Strategy: opfuzz, 2 testing targets, 999 seeds
[2026/01/13 04:53:22 PM] Performed 8 solver calls (6.4 calls/s, eff: 50.0%, 3.2 mutants/s)
[2026/01/13 04:53:24 PM] Performed 24 solver calls (7.0 calls/s, eff: 50.0%, 3.5 mutants/s)
[2026/01/13 04:53:28 PM] Performed 40 solver calls (5.4 calls/s, eff: 50.0%, 2.7 mutants/s)
[2026/01/13 04:53:30 PM] Performed 54 solver calls (5.7 calls/s, eff: 50.0%, 2.8 mutants/s)
[2026/01/13 04:53:32 PM] Performed 68 solver calls (5.8 calls/s, eff: 50.0%, 2.9 mutants/s)
[2026/01/13 04:53:34 PM] Performed 84 solver calls (6.0 calls/s, eff: 50.0%, 3.0 mutants/s)
[2026/01/13 04:53:37 PM] Performed 98 solver calls (6.1 calls/s, eff: 50.0%, 3.0 mutants/s)
[2026/01/13 04:53:39 PM] Performed 112 solver calls (6.2 calls/s, eff: 50.0%, 3.1 mutants/s)
[2026/01/13 04:53:41 PM] Performed 128 solver calls (6.3 calls/s, eff: 50.0%, 3.2 mutants/s)
[2026/01/13 04:53:43 PM] Performed 146 solver calls (6.5 calls/s, eff: 50.0%, 3.3 mutants/s)
[2026/01/13 04:53:45 PM] Performed 162 solver calls (6.6 calls/s, eff: 50.0%, 3.3 mutants/s)
[2026/01/13 04:53:47 PM] Performed 178 solver calls (6.7 calls/s, eff: 50.0%, 3.4 mutants/s)
[2026/01/13 04:53:49 PM] Performed 194 solver calls (6.8 calls/s, eff: 50.0%, 3.4 mutants/s)
[2026/01/13 04:53:51 PM] Performed 210 solver calls (6.9 calls/s, eff: 50.0%, 3.4 mutants/s)
[2026/01/13 04:53:53 PM] Performed 226 solver calls (6.9 calls/s, eff: 50.0%, 3.4 mutants/s)
[2026/01/13 04:53:56 PM] Performed 238 solver calls (6.8 calls/s, eff: 50.0%, 3.4 mutants/s)
[2026/01/13 04:53:58 PM] Performed 250 solver calls (6.7 calls/s, eff: 50.0%, 3.4 mutants/s)
[2026/01/13 04:54:00 PM] Performed 260 solver calls (6.6 calls/s, eff: 50.0%, 3.3 mutants/s)
[2026/01/13 04:54:02 PM] Performed 262 solver calls (6.3 calls/s, eff: 50.0%, 3.1 mutants/s)
[2026/01/13 04:54:05 PM] Performed 274 solver calls (6.2 calls/s, eff: 50.0%, 3.1 mutants/s)
[2026/01/13 04:54:07 PM] Performed 288 solver calls (6.2 calls/s, eff: 50.0%, 3.1 mutants/s)
[2026/01/13 04:54:09 PM] Performed 304 solver calls (6.3 calls/s, eff: 50.0%, 3.1 mutants/s)
[2026/01/13 04:54:11 PM] Performed 316 solver calls (6.3 calls/s, eff: 50.0%, 3.1 mutants/s)
[2026/01/13 04:54:13 PM] Performed 328 solver calls (6.2 calls/s, eff: 50.0%, 3.1 mutants/s)
[2026/01/13 04:54:15 PM] Performed 342 solver calls (6.2 calls/s, eff: 50.0%, 3.1 mutants/s)
[2026/01/13 04:54:17 PM] Performed 360 solver calls (6.3 calls/s, eff: 50.0%, 3.2 mutants/s)
[2026/01/13 04:54:20 PM] Performed 378 solver calls (6.4 calls/s, eff: 50.0%, 3.2 mutants/s)
[2026/01/13 04:54:22 PM] Performed 394 solver calls (6.4 calls/s, eff: 50.0%, 3.2 mutants/s)
[2026/01/13 04:54:24 PM] Performed 410 solver calls (6.5 calls/s, eff: 50.0%, 3.2 mutants/s)
[2026/01/13 04:54:26 PM] Performed 426 solver calls (6.5 calls/s, eff: 50.0%, 3.3 mutants/s)
[2026/01/13 04:54:28 PM] Performed 442 solver calls (6.5 calls/s, eff: 50.0%, 3.3 mutants/s)
[2026/01/13 04:54:30 PM] Performed 456 solver calls (6.6 calls/s, eff: 50.0%, 3.3 mutants/s)
[2026/01/13 04:54:32 PM] Performed 474 solver calls (6.6 calls/s, eff: 50.0%, 3.3 mutants/s)
[2026/01/13 04:54:34 PM] Performed 490 solver calls (6.6 calls/s, eff: 50.0%, 3.3 mutants/s)
[2026/01/13 04:54:37 PM] Performed 492 solver calls (6.5 calls/s, eff: 50.0%, 3.2 mutants/s)
[2026/01/13 04:54:39 PM] Performed 508 solver calls (6.5 calls/s, eff: 50.0%, 3.2 mutants/s)
[2026/01/13 04:54:41 PM] Performed 524 solver calls (6.5 calls/s, eff: 50.0%, 3.3 mutants/s)
[2026/01/13 04:54:43 PM] Performed 542 solver calls (6.6 calls/s, eff: 50.0%, 3.3 mutants/s)
[2026/01/13 04:54:45 PM] Performed 560 solver calls (6.6 calls/s, eff: 50.0%, 3.3 mutants/s)
[2026/01/13 04:54:47 PM] Performed 578 solver calls (6.7 calls/s, eff: 50.0%, 3.3 mutants/s)
[2026/01/13 04:54:49 PM] Performed 594 solver calls (6.7 calls/s, eff: 50.0%, 3.3 mutants/s)
[2026/01/13 04:54:51 PM] [1m[91mDetected soundness bug! /home/jcabala/fyp/new_repos/smt-solver/experiments/opfuzz/bugs/incorrect-z3-uf20-0750-w2jY0.smt2[0m
[2026/01/13 04:54:51 PM] Performed 604 solver calls (6.6 calls/s, eff: 50.2%, 3.3 mutants/s)
[2026/01/13 04:54:53 PM] Performed 620 solver calls (6.7 calls/s, eff: 50.2%, 3.3 mutants/s)
[2026/01/13 04:54:56 PM] Performed 636 solver calls (6.7 calls/s, eff: 50.2%, 3.3 mutants/s)
[2026/01/13 04:54:58 PM] Performed 652 solver calls (6.7 calls/s, eff: 50.2%, 3.3 mutants/s)
[2026/01/13 04:55:00 PM] Performed 662 solver calls (6.7 calls/s, eff: 50.2%, 3.3 mutants/s)
[2026/01/13 04:55:02 PM] Performed 678 solver calls (6.7 calls/s, eff: 50.1%, 3.3 mutants/s)
[2026/01/13 04:55:04 PM] Performed 692 solver calls (6.7 calls/s, eff: 50.1%, 3.3 mutants/s)
[2026/01/13 04:55:06 PM] Performed 708 solver calls (6.7 calls/s, eff: 50.1%, 3.3 mutants/s)
[2026/01/13 04:55:08 PM] Performed 724 solver calls (6.7 calls/s, eff: 50.1%, 3.3 mutants/s)
[2026/01/13 04:55:11 PM] Performed 728 solver calls (6.6 calls/s, eff: 50.1%, 3.3 mutants/s)
[2026/01/13 04:55:13 PM] Performed 744 solver calls (6.6 calls/s, eff: 50.1%, 3.3 mutants/s)
[2026/01/13 04:55:15 PM] Performed 762 solver calls (6.7 calls/s, eff: 50.1%, 3.3 mutants/s)
[2026/01/13 04:55:17 PM] Performed 776 solver calls (6.7 calls/s, eff: 50.1%, 3.3 mutants/s)
[2026/01/13 04:55:19 PM] Performed 790 solver calls (6.7 calls/s, eff: 50.1%, 3.3 mutants/s)
[2026/01/13 04:55:21 PM] Performed 804 solver calls (6.7 calls/s, eff: 50.1%, 3.3 mutants/s)
[2026/01/13 04:55:24 PM] Performed 822 solver calls (6.7 calls/s, eff: 50.1%, 3.3 mutants/s)
[2026/01/13 04:55:26 PM] Performed 840 solver calls (6.7 calls/s, eff: 50.1%, 3.3 mutants/s)
[2026/01/13 04:55:28 PM] Performed 856 solver calls (6.7 calls/s, eff: 50.1%, 3.4 mutants/s)
[2026/01/13 04:55:30 PM] Performed 872 solver calls (6.7 calls/s, eff: 50.1%, 3.4 mutants/s)
[2026/01/13 04:55:32 PM] Performed 890 solver calls (6.8 calls/s, eff: 50.1%, 3.4 mutants/s)
[2026/01/13 04:55:34 PM] Performed 906 solver calls (6.8 calls/s, eff: 50.1%, 3.4 mutants/s)
[2026/01/13 04:55:36 PM] Performed 918 solver calls (6.8 calls/s, eff: 50.1%, 3.4 mutants/s)
[2026/01/13 04:55:39 PM] Performed 932 solver calls (6.8 calls/s, eff: 50.1%, 3.4 mutants/s)
[2026/01/13 04:55:41 PM] Performed 946 solver calls (6.8 calls/s, eff: 50.1%, 3.4 mutants/s)
[2026/01/13 04:55:43 PM] Performed 962 solver calls (6.8 calls/s, eff: 50.1%, 3.4 mutants/s)
[2026/01/13 04:55:45 PM] Performed 966 solver calls (6.7 calls/s, eff: 50.1%, 3.3 mutants/s)
[2026/01/13 04:55:47 PM] Performed 982 solver calls (6.7 calls/s, eff: 50.1%, 3.3 mutants/s)
[2026/01/13 04:55:49 PM] Performed 998 solver calls (6.7 calls/s, eff: 50.1%, 3.3 mutants/s)
[2026/01/13 04:55:51 PM] Performed 1012 solver calls (6.7 calls/s, eff: 50.1%, 3.3 mutants/s)
[2026/01/13 04:55:53 PM] Performed 1028 solver calls (6.7 calls/s, eff: 50.1%, 3.4 mutants/s)
[2026/01/13 04:55:56 PM] Performed 1046 solver calls (6.7 calls/s, eff: 50.1%, 3.4 mutants/s)
[2026/01/13 04:55:58 PM] Performed 1064 solver calls (6.8 calls/s, eff: 50.1%, 3.4 mutants/s)
[2026/01/13 04:56:00 PM] Performed 1078 solver calls (6.8 calls/s, eff: 50.1%, 3.4 mutants/s)
[2026/01/13 04:56:02 PM] Performed 1092 solver calls (6.8 calls/s, eff: 50.1%, 3.4 mutants/s)
[2026/01/13 04:56:04 PM] Performed 1108 solver calls (6.8 calls/s, eff: 50.1%, 3.4 mutants/s)
[2026/01/13 04:56:06 PM] Performed 1122 solver calls (6.8 calls/s, eff: 50.1%, 3.4 mutants/s)
[2026/01/13 04:56:09 PM] Performed 1138 solver calls (6.8 calls/s, eff: 50.1%, 3.4 mutants/s)
[2026/01/13 04:56:11 PM] Performed 1152 solver calls (6.8 calls/s, eff: 50.1%, 3.4 mutants/s)
[2026/01/13 04:56:13 PM] Performed 1166 solver calls (6.8 calls/s, eff: 50.1%, 3.4 mutants/s)
[2026/01/13 04:56:15 PM] Performed 1180 solver calls (6.8 calls/s, eff: 50.1%, 3.4 mutants/s)
[2026/01/13 04:56:17 PM] Performed 1192 solver calls (6.7 calls/s, eff: 50.1%, 3.4 mutants/s)
[2026/01/13 04:56:20 PM] Performed 1194 solver calls (6.7 calls/s, eff: 50.1%, 3.3 mutants/s)
[2026/01/13 04:56:22 PM] Performed 1206 solver calls (6.7 calls/s, eff: 50.1%, 3.3 mutants/s)
[2026/01/13 04:56:24 PM] Performed 1222 solver calls (6.7 calls/s, eff: 50.1%, 3.3 mutants/s)
[2026/01/13 04:56:26 PM] Performed 1238 solver calls (6.7 calls/s, eff: 50.1%, 3.3 mutants/s)
[2026/01/13 04:56:28 PM] Performed 1254 solver calls (6.7 calls/s, eff: 50.1%, 3.3 mutants/s)
[2026/01/13 04:56:31 PM] Performed 1270 solver calls (6.7 calls/s, eff: 50.1%, 3.3 mutants/s)
[2026/01/13 04:56:33 PM] Performed 1286 solver calls (6.7 calls/s, eff: 50.1%, 3.3 mutants/s)
[2026/01/13 04:56:35 PM] Performed 1302 solver calls (6.7 calls/s, eff: 50.1%, 3.3 mutants/s)
[2026/01/13 04:56:37 PM] Performed 1318 solver calls (6.7 calls/s, eff: 50.1%, 3.3 mutants/s)
[2026/01/13 04:56:39 PM] Performed 1334 solver calls (6.7 calls/s, eff: 50.1%, 3.4 mutants/s)
[2026/01/13 04:56:41 PM] Performed 1352 solver calls (6.7 calls/s, eff: 50.1%, 3.4 mutants/s)
[2026/01/13 04:56:43 PM] Performed 1368 solver calls (6.8 calls/s, eff: 50.1%, 3.4 mutants/s)
[2026/01/13 04:56:45 PM] Performed 1382 solver calls (6.7 calls/s, eff: 50.1%, 3.4 mutants/s)
[2026/01/13 04:56:47 PM] Performed 1396 solver calls (6.8 calls/s, eff: 50.1%, 3.4 mutants/s)
[2026/01/13 04:56:49 PM] Performed 1410 solver calls (6.8 calls/s, eff: 50.1%, 3.4 mutants/s)
[2026/01/13 04:56:54 PM] Performed 1426 solver calls (6.7 calls/s, eff: 50.1%, 3.3 mutants/s)
[2026/01/13 04:56:56 PM] Performed 1440 solver calls (6.7 calls/s, eff: 50.1%, 3.3 mutants/s)
[2026/01/13 04:56:58 PM] Performed 1454 solver calls (6.7 calls/s, eff: 50.1%, 3.3 mutants/s)
[2026/01/13 04:57:00 PM] Performed 1470 solver calls (6.7 calls/s, eff: 50.1%, 3.3 mutants/s)
[2026/01/13 04:57:02 PM] Performed 1486 solver calls (6.7 calls/s, eff: 50.1%, 3.3 mutants/s)
User interrupt
4 seeds processed, 4 valid, 0 invalid 
1 bug triggers found
